<?xml version="1.0" encoding="UTF-8" ?>
<testsuites name="vitest tests" tests="2" failures="0" errors="0" time="69.585045083">
    <testsuite name="testdriver/acceptance-sdk/type.test.mjs" timestamp="2025-11-21T00:03:10.476Z" hostname="MacBookPro.lan" tests="2" failures="0" errors="0" skipped="0" time="69.585045083">
        <testcase classname="testdriver/acceptance-sdk/type.test.mjs" name="Type Test &gt; should enter standard_user in username field" time="31.70117925">
            <system-out>
[2mcalling exec...[22m
dashcam record &gt;/dev/null 2&gt;&amp;1 &amp;

[redraw] screen:[2mfalse/0.1%[22m network:[38;2;179;211;52my[39m timeout:[2m0/1s[22m

[redraw] screen:[2mfalse/0.1%[22m network:[38;2;179;211;52my[39m timeout:[38;2;179;211;52my[39m
[redraw complete] screen:false network:true timeout:true elapsed:1655ms

[35m🔍[39m [1m[36mFinding[39m[22m [36m&quot;Username, input field for username&quot;[39m

[35m🔍[39m [1m[32mFound[39m[22m [36m&quot;Username, input field for username&quot;[39m [2m·[22m [2m[90m📍 (686, 310)[39m[22m[2m · [22m[2m⏱️  [31m1903ms[39m[22m[2m · [22m[1m[33m⚡ cached[39m[22m

[36m👆[39m [1m[36mClick[39m[22m [36m&quot;Username, input field for username&quot;[39m

[2mclick left clicking at 686, 310...[22m

[redraw] screen:[38;2;179;211;52my[39m network:[38;2;179;211;52my[39m timeout:[2m0/5s[22m
[redraw complete] screen:true network:true timeout:false elapsed:608ms

[2mtyping &quot;standard_user&quot;...[22m

[redraw] screen:[2m0.0/0.1%[22m network:[38;2;179;211;52my[39m timeout:[2m0/5s[22m

[redraw] screen:[2m0.0/0.1%[22m network:[38;2;179;211;52my[39m timeout:[2m1/5s[22m

[redraw] screen:[2m0.0/0.1%[22m network:[38;2;179;211;52my[39m timeout:[2m2/5s[22m

[redraw] screen:[2m0.0/0.1%[22m network:[38;2;179;211;52my[39m timeout:[2m3/5s[22m

[redraw] screen:[2m0.0/0.1%[22m network:[38;2;179;211;52my[39m timeout:[2m4/5s[22m

[redraw] screen:[2m0.0/0.1%[22m network:[38;2;179;211;52my[39m timeout:[38;2;179;211;52my[39m
[redraw complete] screen:false network:true timeout:true elapsed:5926ms

[32m✅[39m [1m[36mAsserting[39m[22m [36m&quot;the username field contains &quot;standard_user&quot;&quot;[39m
thinking...

The task passed

The username input visibly contains “standard_user.”

🎬 Stopping dashcam and retrieving URL...
[2mcalling exec...[22m
dashcam stop

[2mstdout:[22m
Stopping recording...
00:02:33.455 [[32minfo[39m] Stopping active recording process
  {
    &quot;pid&quot;: 1487
  }
00:02:41.020 [[32minfo[39m] Background recording stopped, returning status
  {
    &quot;outputPath&quot;: &quot;/tmp/dashcam/recordings/recording-2025-11-21T00-02-16-070Z.webm&quot;,
    &quot;duration&quot;: 24911
  }
Recording stopped successfully
00:02:41.024 [[34mdebug[39m] Waiting for background upload to complete...
00:02:46.028 [[34mdebug[39m] Upload result read attempt
  {
    &quot;found&quot;: true,
    &quot;shareLink&quot;: &quot;https://app.dashcam.io/replay/691fac1e2896d653414377f0?share=GVKBFByYIQmctrbWSUGkBw&quot;
  }
📹 Watch your recording: https://app.dashcam.io/replay/691fac1e2896d653414377f0?share=GVKBFByYIQmctrbWSUGkBw


📤 Dashcam command output: Stopping recording...
00:02:33.455 [[32minfo[39m] Stopping active recording process
  {
    &quot;pid&quot;: 1487
  }
00:02:41.020 [[32minfo[39m] Background recording stopped, returning status
  {
    &quot;outputPath&quot;: &quot;/tmp/dashcam/recordings/recording-2025-11-21T00-02-16-070Z.webm&quot;,
    &quot;duration&quot;: 24911
  }
Recording stopped successfully
00:02:41.024 [[34mdebug[39m] Waiting for background upload to complete...
00:02:46.028 [[34mdebug[39m] Upload result read attempt
  {
    &quot;found&quot;: true,
    &quot;shareLink&quot;: &quot;https://app.dashcam.io/replay/691fac1e2896d653414377f0?share=GVKBFByYIQmctrbWSUGkBw&quot;
  }
📹 Watch your recording: https://app.dashcam.io/replay/691fac1e2896d653414377f0?share=GVKBFByYIQmctrbWSUGkBw
✅ Found dashcam URL: https://app.dashcam.io/replay/691fac1e2896d653414377f0?share=GVKBFByYIQmctrbWSUGkBw

📤 Dashcam URL: https://app.dashcam.io/replay/691fac1e2896d653414377f0?share=GVKBFByYIQmctrbWSUGkBw
🧹 Running teardown...
⏭️  Postrun skipped (disabled in options)
[TestHelpers] ⚠️  No start time file found, duration will be 0
[TestHelpers] ✅ Wrote test result to file: /var/folders/7s/2nhyb0rj2bs_rkswlgqnnhdm0000gn/T/testdriver-results/-1348621576_0_0.json (testFile: /Users/ianjennings/Development/cli/testdriver/acceptance-sdk/type.test.mjs, testOrder: 0, duration: 0ms)
[TestHelpers] Console interceptor removed for task: type-test-suite
⏭️  Disconnect skipped (disabled in options)
📊 Session info: {
  &quot;sessionId&quot;: &quot;691fabfe2896d653414377ee&quot;,
  &quot;dashcamUrl&quot;: &quot;https://app.dashcam.io/replay/691fac1e2896d653414377f0?share=GVKBFByYIQmctrbWSUGkBw&quot;,
  &quot;replayObjectId&quot;: &quot;691fac1e2896d653414377f0&quot;,
  &quot;instance&quot;: {
    &quot;sandboxId&quot;: &quot;iu4rok1v600qny51c5mmp&quot;,
    &quot;url&quot;: &quot;https://6080-iu4rok1v600qny51c5mmp.e2b.app/vnc_lite.html?autoconnect=true&amp;resize=scale&quot;
  }
}

            </system-out>
        </testcase>
        <testcase classname="testdriver/acceptance-sdk/type.test.mjs" name="Type Test &gt; should show validation message when clicking Sign In without password" time="24.004690458">
            <system-out>
[2mcalling exec...[22m
dashcam record &gt;/dev/null 2&gt;&amp;1 &amp;

[35m🔍[39m [1m[36mFinding[39m[22m [36m&quot;Sign in, black button below the password field&quot;[39m

[35m🔍[39m [1m[32mFound[39m[22m [36m&quot;Sign in, black button below the password field&quot;[39m [2m·[22m [2m[90m📍 (682, 478)[39m[22m[2m · [22m[2m⏱️  [31m1952ms[39m[22m[2m · [22m[1m[33m⚡ cached[39m[22m

[36m👆[39m [1m[36mClick[39m[22m [36m&quot;Sign in, black button below the password field&quot;[39m

[2mclick left clicking at 682, 478...[22m

[redraw] screen:[38;2;179;211;52my[39m network:[38;2;179;211;52my[39m timeout:[2m0/5s[22m
[redraw complete] screen:true network:true timeout:false elapsed:655ms

[redraw] screen:[2m0.0/0.1%[22m network:[38;2;179;211;52my[39m timeout:[2m0/1s[22m

[redraw] screen:[2m0.0/0.1%[22m network:[38;2;179;211;52my[39m timeout:[38;2;179;211;52my[39m
[redraw complete] screen:false network:true timeout:true elapsed:1622ms

[32m✅[39m [1m[36mAsserting[39m[22m [36m&quot;Please fill out this field is visible near the password field&quot;[39m
thinking...

The task passed. The “Please fill out this field.” message is clearly shown adjacent to the password input.

🎬 Stopping dashcam and retrieving URL...
[2mcalling exec...[22m
dashcam stop

[2mstdout:[22m
Stopping recording...
00:02:58.964 [[32minfo[39m] Stopping active recording process
  {
    &quot;pid&quot;: 2017
  }
00:03:05.031 [[32minfo[39m] Background recording stopped, returning status
  {
    &quot;outputPath&quot;: &quot;/tmp/dashcam/recordings/recording-2025-11-21T00-02-47-415Z.webm&quot;,
    &quot;duration&quot;: 17581
  }
Recording stopped successfully
00:03:05.035 [[34mdebug[39m] Waiting for background upload to complete...
00:03:10.037 [[34mdebug[39m] Upload result read attempt
  {
    &quot;found&quot;: true,
    &quot;shareLink&quot;: &quot;https://app.dashcam.io/replay/691fac362896d653414377f3?share=550uA4IXo440CIbnPQwlEA&quot;
  }
📹 Watch your recording: https://app.dashcam.io/replay/691fac362896d653414377f3?share=550uA4IXo440CIbnPQwlEA


📤 Dashcam command output: Stopping recording...
00:02:58.964 [[32minfo[39m] Stopping active recording process
  {
    &quot;pid&quot;: 2017
  }
00:03:05.031 [[32minfo[39m] Background recording stopped, returning status
  {
    &quot;outputPath&quot;: &quot;/tmp/dashcam/recordings/recording-2025-11-21T00-02-47-415Z.webm&quot;,
    &quot;duration&quot;: 17581
  }
Recording stopped successfully
00:03:05.035 [[34mdebug[39m] Waiting for background upload to complete...
00:03:10.037 [[34mdebug[39m] Upload result read attempt
  {
    &quot;found&quot;: true,
    &quot;shareLink&quot;: &quot;https://app.dashcam.io/replay/691fac362896d653414377f3?share=550uA4IXo440CIbnPQwlEA&quot;
  }
📹 Watch your recording: https://app.dashcam.io/replay/691fac362896d653414377f3?share=550uA4IXo440CIbnPQwlEA
✅ Found dashcam URL: https://app.dashcam.io/replay/691fac362896d653414377f3?share=550uA4IXo440CIbnPQwlEA

📤 Dashcam URL: https://app.dashcam.io/replay/691fac362896d653414377f3?share=550uA4IXo440CIbnPQwlEA
🧹 Running teardown...
⏭️  Postrun skipped (disabled in options)
[TestHelpers] ⚠️  No start time file found, duration will be 0
[TestHelpers] ✅ Wrote test result to file: /var/folders/7s/2nhyb0rj2bs_rkswlgqnnhdm0000gn/T/testdriver-results/-1348621576_0_1.json (testFile: /Users/ianjennings/Development/cli/testdriver/acceptance-sdk/type.test.mjs, testOrder: 1, duration: 0ms)
⏭️  Disconnect skipped (disabled in options)
📊 Session info: {
  &quot;sessionId&quot;: &quot;691fabfe2896d653414377ee&quot;,
  &quot;dashcamUrl&quot;: &quot;https://app.dashcam.io/replay/691fac362896d653414377f3?share=550uA4IXo440CIbnPQwlEA&quot;,
  &quot;replayObjectId&quot;: &quot;691fac362896d653414377f3&quot;,
  &quot;instance&quot;: {
    &quot;sandboxId&quot;: &quot;iu4rok1v600qny51c5mmp&quot;,
    &quot;url&quot;: &quot;https://6080-iu4rok1v600qny51c5mmp.e2b.app/vnc_lite.html?autoconnect=true&amp;resize=scale&quot;
  }
}

            </system-out>
        </testcase>
    </testsuite>
</testsuites>
